страница 1: 15 писем
страница 2: 15 писем
страница 3: 15 писем
  СД-36-3/3880@ от 2026-05-12 [actual] АвтоУСН при наличии текущих счетов для личных нужд (4119 симв., теги: —)
  СД-36-3/3752@ от 2026-05-07 [actual] Исчисление туристического налога санаторно-курортными органи (3389 симв., теги: —)
  ЕА-36-3/3447@ от 2026-04-28 [actual] О разъяснении порядка заполнения уведомления о переходе на У (3097 симв., теги: —)
  БС-36-11/3382@ от 2026-04-27 [actual] О внесении изменений в пункты 13.2 и 13.3 статьи 427 НК РФ,  (2751 симв., теги: Статья 421 НК РФ, Статья 427 НК РФ)
  СД-36-3/3331@ от 2026-04-27 [actual] Применение специального налогового режима «Налог на професси (2674 симв., теги: —)
  БС-36-21/3393@ от 2026-04-27 [actual] О применении для целей налогообложения земельных участков но (2758 симв., теги: Статья 391 НК РФ)
  СД-36-3/3045@ от 2026-04-16 [actual] О порядке продления сроков уплаты НДС при строительстве ВСМ  (3214 симв., теги: Статья 174 НК РФ)
  ШЮ-36-13/2999@ от 2026-04-15 [actual] О проведении камеральных налоговых проверок в отношении нало (183 симв., теги: Статья 232 НК РФ)
  СД-36-3/2912@ от 2026-04-13 [actual] По вопросу применения налогоплательщиками-участниками специа (701 симв., теги: Статья 288 НК РФ)
  ЕА-36-15/2890@ от 2026-04-13 [actual] Внесение изменений в свидетельство о регистрации организации (1832 симв., теги: Статья 179.2 НК РФ)
  ПА-36-11/2809@ от 2026-04-08 [actual] По вопросу представления банками информации о суммах выплаче (727 симв., теги: Статья 214.2 НК РФ)
  СД-36-3/2731@ от 2026-04-07 [actual] О заполнении налоговой декларации по водному налогу (2453 симв., теги: Статья 333.12 НК РФ)
  СД-36-3/2711@ от 2026-04-06 [actual] Определение предельного размера доходов, установленного для  (5478 симв., теги: Статья 346.45 НК РФ)
  СД-36-21/2629@ от 2026-04-03 [actual] О применении коэффициентов, предусмотренных пунктом 15 стать (1529 симв., теги: Статья 396 НК РФ)
  СД-36-3/2619@ от 2026-04-03 [actual] О применении НДС при реализации санаториями услуг по прожива (767 симв., теги: Статья 164 НК РФ)
страница 4: 15 писем
  БС-36-11/2415@ от 2026-03-27 [actual] Подтверждение периодов неосуществления физическим лицом, явл (2741 симв., теги: Статья 421 НК РФ)
  СД-36-3/2369@ от 2026-03-27 [actual] О порядке применения НДС при оказании услуг по сдаче в аренд (4995 симв., теги: Статья 146 НК РФ, Статья 148 НК РФ, Статья 174.2 НК РФ)
  СД-36-3/2303@ от 2026-03-25 [actual] О направлении письма Минфина от 19.03.2026 №03-11-09/22200 о (808 симв., теги: —)
  БС-36-11/2304@ от 2026-03-25 [actual] О направлении рекомендуемой xsd-схемы к формату, утвержденно (2020 симв., теги: Статья 226.1 НК РФ)
  СД-36-3/2302@ от 2026-03-25 [actual] Контрольные соотношения по налоговой декларации налога на пр (581 симв., теги: Статья 80 НК РФ)
  БС-36-11/2204@ от 2026-03-23 [actual] О контрольных соотношениях показателей формы расчета по стра (509 симв., теги: Статья 431 НК РФ)
