commonlaw стр. 1/1: 3 документов
[warn] https://minfin.gov.ru/ru/document?id_4=79978: текста нет ни в HTML, ни в docx (только pdf?) — пропуск
[warn] https://minfin.gov.ru/ru/document?id_4=79978: не распознано
orgprofit стр. 1/9: 12 документов
orgprofit стр. 2/9: 12 документов
[warn] https://minfin.gov.ru/ru/document?id_4=301257: не распознано
orgprofit стр. 3/9: 12 документов
orgprofit стр. 4/9: 12 документов
orgprofit стр. 5/9: 12 документов
[warn] https://minfin.gov.ru/ru/document?id_4=117617: не распознано
[warn] https://minfin.gov.ru/ru/document?id_4=114626: текста нет ни в HTML, ни в docx (только pdf?) — пропуск
[warn] https://minfin.gov.ru/ru/document?id_4=114626: не распознано
orgprofit стр. 6/9: 12 документов
[warn] https://minfin.gov.ru/ru/document?id_4=111769: текста нет ни в HTML, ни в docx (только pdf?) — пропуск
[warn] https://minfin.gov.ru/ru/document?id_4=111769: не распознано
[warn] https://minfin.gov.ru/ru/document?id_4=111503: текста нет ни в HTML, ни в docx (только pdf?) — пропуск
[warn] https://minfin.gov.ru/ru/document?id_4=111503: не распознано
[warn] https://minfin.gov.ru/ru/document?id_4=104188: текста нет ни в HTML, ни в docx (только pdf?) — пропуск
[warn] https://minfin.gov.ru/ru/document?id_4=104188: не распознано
[warn] https://minfin.gov.ru/ru/document?id_4=94648: текста нет ни в HTML, ни в docx (только pdf?) — пропуск
[warn] https://minfin.gov.ru/ru/document?id_4=94648: не распознано
[warn] https://minfin.gov.ru/ru/document?id_4=94652: текста нет ни в HTML, ни в docx (только pdf?) — пропуск
[warn] https://minfin.gov.ru/ru/document?id_4=94652: не распознано
[warn] https://minfin.gov.ru/ru/document?id_4=94647: текста нет ни в HTML, ни в docx (только pdf?) — пропуск
[warn] https://minfin.gov.ru/ru/document?id_4=94647: не распознано
[warn] https://minfin.gov.ru/ru/document?id_4=94649: текста нет ни в HTML, ни в docx (только pdf?) — пропуск
[warn] https://minfin.gov.ru/ru/document?id_4=94649: не распознано
[warn] https://minfin.gov.ru/ru/document?id_4=94650: текста нет ни в HTML, ни в docx (только pdf?) — пропуск
[warn] https://minfin.gov.ru/ru/document?id_4=94650: не распознано
orgprofit стр. 7/9: 12 документов
orgprofit стр. 8/9: 12 документов
orgprofit стр. 9/1: 9 документов
[warn] https://minfin.gov.ru/ru/document?id_4=21436: не распознано
fizprofit стр. 1/3: 12 документов
fizprofit стр. 2/3: 12 документов
[warn] https://minfin.gov.ru/ru/document?id_4=94643: текста нет ни в HTML, ни в docx (только pdf?) — пропуск
[warn] https://minfin.gov.ru/ru/document?id_4=94643: не распознано
[warn] https://minfin.gov.ru/ru/document?id_4=94641: текста нет ни в HTML, ни в docx (только pdf?) — пропуск
[warn] https://minfin.gov.ru/ru/document?id_4=94641: не распознано
[warn] https://minfin.gov.ru/ru/document?id_4=94640: текста нет ни в HTML, ни в docx (только pdf?) — пропуск
[warn] https://minfin.gov.ru/ru/document?id_4=94640: не распознано
[warn] https://minfin.gov.ru/ru/document?id_4=94646: текста нет ни в HTML, ни в docx (только pdf?) — пропуск
[warn] https://minfin.gov.ru/ru/document?id_4=94646: не распознано
[warn] https://minfin.gov.ru/ru/document?id_4=94644: текста нет ни в HTML, ни в docx (только pdf?) — пропуск
[warn] https://minfin.gov.ru/ru/document?id_4=94644: не распознано
fizprofit стр. 3/1: 5 документов
indirect стр. 1/5: 12 документов
indirect стр. 2/5: 12 документов
indirect стр. 3/5: 12 документов
indirect стр. 4/5: 12 документов
indirect стр. 5/1: 7 документов
property стр. 1/1: 4 документов
special стр. 1/4: 12 документов
[warn] https://minfin.gov.ru/ru/document?id_4=116347: не распознано
special стр. 2/4: 12 документов
[warn] https://minfin.gov.ru/ru/document?id_4=113945: не распознано
[warn] https://minfin.gov.ru/ru/document?id_4=113847: не распознано
[warn] https://minfin.gov.ru/ru/document?id_4=94629: текста нет ни в HTML, ни в docx (только pdf?) — пропуск
[warn] https://minfin.gov.ru/ru/document?id_4=94629: не распознано
[warn] https://minfin.gov.ru/ru/document?id_4=94657: текста нет ни в HTML, ни в docx (только pdf?) — пропуск
[warn] https://minfin.gov.ru/ru/document?id_4=94657: не распознано
[warn] https://minfin.gov.ru/ru/document?id_4=94658: текста нет ни в HTML, ни в docx (только pdf?) — пропуск
[warn] https://minfin.gov.ru/ru/document?id_4=94658: не распознано
[warn] https://minfin.gov.ru/ru/document?id_4=94671: текста нет ни в HTML, ни в docx (только pdf?) — пропуск
[warn] https://minfin.gov.ru/ru/document?id_4=94671: не распознано
[warn] https://minfin.gov.ru/ru/document?id_4=94655: текста нет ни в HTML, ни в docx (только pdf?) — пропуск
[warn] https://minfin.gov.ru/ru/document?id_4=94655: не распознано
[warn] https://minfin.gov.ru/ru/document?id_4=94670: текста нет ни в HTML, ни в docx (только pdf?) — пропуск
[warn] https://minfin.gov.ru/ru/document?id_4=94670: не распознано
special стр. 3/4: 12 документов
[warn] https://minfin.gov.ru/ru/document?id_4=94673: текста нет ни в HTML, ни в docx (только pdf?) — пропуск
[warn] https://minfin.gov.ru/ru/document?id_4=94673: не распознано
[warn] https://minfin.gov.ru/ru/document?id_4=94667: текста нет ни в HTML, ни в docx (только pdf?) — пропуск
[warn] https://minfin.gov.ru/ru/document?id_4=94667: не распознано
[warn] https://minfin.gov.ru/ru/document?id_4=94666: текста нет ни в HTML, ни в docx (только pdf?) — пропуск
[warn] https://minfin.gov.ru/ru/document?id_4=94666: не распознано
[warn] https://minfin.gov.ru/ru/document?id_4=94653: текста нет ни в HTML, ни в docx (только pdf?) — пропуск
[warn] https://minfin.gov.ru/ru/document?id_4=94653: не распознано
[warn] https://minfin.gov.ru/ru/document?id_4=94656: текста нет ни в HTML, ни в docx (только pdf?) — пропуск
[warn] https://minfin.gov.ru/ru/document?id_4=94656: не распознано
[warn] https://minfin.gov.ru/ru/document?id_4=94654: текста нет ни в HTML, ни в docx (только pdf?) — пропуск
[warn] https://minfin.gov.ru/ru/document?id_4=94654: не распознано
[warn] https://minfin.gov.ru/ru/document?id_4=94669: текста нет ни в HTML, ни в docx (только pdf?) — пропуск
[warn] https://minfin.gov.ru/ru/document?id_4=94669: не распознано
[warn] https://minfin.gov.ru/ru/document?id_4=94668: текста нет ни в HTML, ни в docx (только pdf?) — пропуск
[warn] https://minfin.gov.ru/ru/document?id_4=94668: не распознано
[warn] https://minfin.gov.ru/ru/document?id_4=94665: текста нет ни в HTML, ни в docx (только pdf?) — пропуск
[warn] https://minfin.gov.ru/ru/document?id_4=94665: не распознано
special стр. 4/1: 1 документов
imposition стр. 1/2: 12 документов
[warn] https://minfin.gov.ru/ru/document?id_4=135801: не распознано
[warn] https://minfin.gov.ru/ru/document?id_4=135800: не распознано
[warn] https://minfin.gov.ru/ru/document?id_4=135134: не распознано
[warn] https://minfin.gov.ru/ru/document?id_4=135131: не распознано
[warn] https://minfin.gov.ru/ru/document?id_4=135130: не распознано
[warn] https://minfin.gov.ru/ru/document?id_4=135129: не распознано
[warn] https://minfin.gov.ru/ru/document?id_4=135128: не распознано
[warn] https://minfin.gov.ru/ru/document?id_4=135127: не распознано
[warn] https://minfin.gov.ru/ru/document?id_4=135126: не распознано
[warn] https://minfin.gov.ru/ru/document?id_4=135125: не распознано
[warn] https://minfin.gov.ru/ru/document?id_4=135124: не распознано
[warn] https://minfin.gov.ru/ru/document?id_4=135123: не распознано
imposition стр. 2/1: 4 документов
[warn] https://minfin.gov.ru/ru/document?id_4=135122: не распознано
[warn] https://minfin.gov.ru/ru/document?id_4=135121: не распознано
[warn] https://minfin.gov.ru/ru/document?id_4=135120: не распознано
[warn] https://minfin.gov.ru/ru/document?id_4=135119: не распознано
foreign стр. 1/1: 4 документов
[warn] https://minfin.gov.ru/ru/document?id_4=117632: текста нет ни в HTML, ни в docx (только pdf?) — пропуск
[warn] https://minfin.gov.ru/ru/document?id_4=117632: не распознано
international стр. 1/2: 12 документов
[warn] https://minfin.gov.ru/ru/document?id_4=21707: не распознано
[warn] https://minfin.gov.ru/ru/document?id_4=21484: не распознано
[warn] https://minfin.gov.ru/ru/document?id_4=21478: не распознано
[warn] https://minfin.gov.ru/ru/document?id_4=21325: не распознано
[warn] https://minfin.gov.ru/ru/document?id_4=21324: не распознано
[warn] https://minfin.gov.ru/ru/document?id_4=21234: не распознано
international стр. 2/1: 4 документов
transfert стр. 1/2: 12 документов
[warn] https://minfin.gov.ru/ru/document?id_4=116281: текста нет ни в HTML, ни в docx (только pdf?) — пропуск
[warn] https://minfin.gov.ru/ru/document?id_4=116281: не распознано
[warn] https://minfin.gov.ru/ru/document?id_4=116280: текста нет ни в HTML, ни в docx (только pdf?) — пропуск
[warn] https://minfin.gov.ru/ru/document?id_4=116280: не распознано
[warn] https://minfin.gov.ru/ru/document?id_4=114448: текста нет ни в HTML, ни в docx (только pdf?) — пропуск
[warn] https://minfin.gov.ru/ru/document?id_4=114448: не распознано
[warn] https://minfin.gov.ru/ru/document?id_4=114447: текста нет ни в HTML, ни в docx (только pdf?) — пропуск
[warn] https://minfin.gov.ru/ru/document?id_4=114447: не распознано
[warn] https://minfin.gov.ru/ru/document?id_4=114446: текста нет ни в HTML, ни в docx (только pdf?) — пропуск
[warn] https://minfin.gov.ru/ru/document?id_4=114446: не распознано
[warn] https://minfin.gov.ru/ru/document?id_4=105009: текста нет ни в HTML, ни в docx (только pdf?) — пропуск
[warn] https://minfin.gov.ru/ru/document?id_4=105009: не распознано
[warn] https://minfin.gov.ru/ru/document?id_4=94664: текста нет ни в HTML, ни в docx (только pdf?) — пропуск
[warn] https://minfin.gov.ru/ru/document?id_4=94664: не распознано
[warn] https://minfin.gov.ru/ru/document?id_4=94663: текста нет ни в HTML, ни в docx (только pdf?) — пропуск
[warn] https://minfin.gov.ru/ru/document?id_4=94663: не распознано
[warn] https://minfin.gov.ru/ru/document?id_4=94662: текста нет ни в HTML, ни в docx (только pdf?) — пропуск
[warn] https://minfin.gov.ru/ru/document?id_4=94662: не распознано
transfert стр. 2/1: 10 документов
[warn] https://minfin.gov.ru/ru/document?id_4=94661: текста нет ни в HTML, ни в docx (только pdf?) — пропуск
[warn] https://minfin.gov.ru/ru/document?id_4=94661: не распознано
customs_value стр. 1/1: 0 документов
выгружено за запуск: 0; всего: 222; файл: /home/joke/tax-corpus/data/interpretations/minfin_letters.jsonl
